#-----------------------------------------------------------
# Vivado v2024.2 (64-bit)
# SW Build 5239630 on Fri Nov 08 22:34:34 MST 2024
# IP Build 5239520 on Sun Nov 10 16:12:51 MST 2024
# SharedData Build 5239561 on Fri Nov 08 14:39:27 MST 2024
# Start of session at: Sun Apr  6 17:57:55 2025
# Process ID         : 1562986
# Current directory  : /home/shiki/repos/590cse-project1/CPU16/CPU16.runs/impl_1
# Command line       : vivado -log CompleteDemo.vdi -applog -product Vivado -messageDb vivado.pb -mode batch -source CompleteDemo.tcl -notrace
# Log file           : /home/shiki/repos/590cse-project1/CPU16/CPU16.runs/impl_1/CompleteDemo.vdi
# Journal file       : /home/shiki/repos/590cse-project1/CPU16/CPU16.runs/impl_1/vivado.jou
# Running On         : Bastion-B450M-DS3H-WIFI
# Platform           : Ubuntu
# Operating System   : Ubuntu 24.04.1 LTS
# Processor Detail   : AMD Ryzen 5 5600G with Radeon Graphics
# CPU Frequency      : 3552.751 MHz
# CPU Physical cores : 6
# CPU Logical cores  : 12
# Host memory        : 16092 MB
# Swap memory        : 17179 MB
# Total Virtual      : 33272 MB
# Available Virtual  : 8571 MB
#-----------------------------------------------------------
source CompleteDemo.tcl -notrace
